###############################################################################
#
# IAR ELF Linker V8.11.3.13950/W32 for ARM                10/Oct/2020  13:59:49
# Copyright 2007-2017 IAR Systems AB.
#
#    Output file  =  
#        C:\Users\anton\OneDrive\Documents\BelayBot\Program Files\Project
#        Files\Debug\Exe\MPU.out
#    Map file     =  
#        C:\Users\anton\OneDrive\Documents\BelayBot\Program Files\Project
#        Files\Debug\List\MPU.map
#    Command line =  
#        -f C:\Users\anton\AppData\Local\Temp\EWAA89.tmp
#        ("C:\Users\anton\OneDrive\Documents\BelayBot\Program Files\Project
#        Files\Debug\Obj\Bluetooth.o"
#        "C:\Users\anton\OneDrive\Documents\BelayBot\Program Files\Project
#        Files\Debug\Obj\cstartup_M.o"
#        "C:\Users\anton\OneDrive\Documents\BelayBot\Program Files\Project
#        Files\Debug\Obj\GPU.o"
#        "C:\Users\anton\OneDrive\Documents\BelayBot\Program Files\Project
#        Files\Debug\Obj\Lab_3_Driver.o"
#        "C:\Users\anton\OneDrive\Documents\BelayBot\Program Files\Project
#        Files\Debug\Obj\LEDs.o"
#        "C:\Users\anton\OneDrive\Documents\BelayBot\Program Files\Project
#        Files\Debug\Obj\main.o" -o
#        "C:\Users\anton\OneDrive\Documents\BelayBot\Program Files\Project
#        Files\Debug\Exe\MPU.out" --redirect _Printf=_PrintfFullNoMb --redirect
#        _Scanf=_ScanfFullNoMb --map
#        "C:\Users\anton\OneDrive\Documents\BelayBot\Program Files\Project
#        Files\Debug\List\MPU.map" --config "C:\Program Files (x86)\IAR
#        Systems\Embedded Workbench
#        8.0\arm\config\linker\TexasInstruments\TM4C1294NC.icf" --semihosting
#        --entry __iar_program_start --vfe --text_out locale)
#
###############################################################################

*******************************************************************************
*** RUNTIME MODEL ATTRIBUTES
***

CppFlavor       = *
__Heap_Handler  = NoFree
__SystemLibrary = DLib
__dlib_version  = 6


*******************************************************************************
*** HEAP SELECTION
***

The no free heap was selected because no calls to memory
deallocation functions were found in the application.


*******************************************************************************
*** PLACEMENT SUMMARY
***

"A0":  place at 0x00000000 { ro section .intvec };
"P1":  place in [from 0x00000000 to 0x000fffff] { ro };
define block CSTACK with size = 32K, alignment = 8 { };
define block HEAP with size = 64K, alignment = 8 { };
"P2":  place in [from 0x20000000 to 0x2003ffff] {
          rw, block CSTACK, block HEAP };

  Section          Kind        Address     Size  Object
  -------          ----        -------     ----  ------
"A0":                                     0x118
  .intvec          const    0x00000000    0x118  cstartup_M.o [1]
                          - 0x00000118    0x118

"P1":                                     0xcac
  .text            ro code  0x00000118    0x290  GPU.o [1]
  .text            ro code  0x000003a8    0x15c  Bluetooth.o [1]
  .text            ro code  0x00000504    0x134  LEDs.o [1]
  .text            ro code  0x00000638     0x44  no_free_heap0.o [3]
  .text            ro code  0x0000067c     0x48  FltToDbl.o [4]
  .text            ro code  0x000006c4    0x1a2  DblMul.o [4]
  .rodata          const    0x00000866      0x2  GPU.o [1]
  .text            ro code  0x00000868    0x178  DblAdd.o [4]
  .text            ro code  0x000009e0     0x3a  DblToS32.o [4]
  .rodata          const    0x00000a1a      0x2  GPU.o [1]
  .text            ro code  0x00000a1c     0x2c  xgetmemchunk.o [3]
  .text            ro code  0x00000a48     0xd2  DblSub.o [4]
  .text            ro code  0x00000b1a      0x2  cstartup_M.o [1]
  .text            ro code  0x00000b1c    0x170  Lab_3_Driver.o [1]
  .text            ro code  0x00000c8c     0x40  zero_init3.o [5]
  .text            ro code  0x00000ccc     0x28  main.o [1]
  .text            ro code  0x00000cf4     0x28  data_init.o [5]
  .text            ro code  0x00000d1c     0x22  fpinit_M.o [4]
  .iar.init_table  const    0x00000d40     0x10  - Linker created -
  .text            ro code  0x00000d50      0x2  cstartup_M.o [1]
  .text            ro code  0x00000d54     0x1a  cmain.o [5]
  .text            ro code  0x00000d6e      0x4  low_level_init.o [3]
  .text            ro code  0x00000d72      0x4  exit.o [3]
  .text            ro code  0x00000d76      0x2  cstartup_M.o [1]
  .text            ro code  0x00000d78      0xa  cexit.o [5]
  .text            ro code  0x00000d82      0x2  cstartup_M.o [1]
  .text            ro code  0x00000d84     0x14  exit.o [6]
  .text            ro code  0x00000d98     0x10  cstartup_M.o [1]
  .rodata          const    0x00000da8      0x4  GPU.o [1]
  .text            ro code  0x00000dac      0x2  cstartup_M.o [1]
  .text            ro code  0x00000dae      0x2  cstartup_M.o [1]
  .text            ro code  0x00000db0      0x2  cstartup_M.o [1]
  .text            ro code  0x00000db2      0x2  cstartup_M.o [1]
  .text            ro code  0x00000db4      0x2  cstartup_M.o [1]
  .text            ro code  0x00000db6      0x2  cstartup_M.o [1]
  .text            ro code  0x00000db8      0x2  cstartup_M.o [1]
  .text            ro code  0x00000dba      0x2  cstartup_M.o [1]
  .text            ro code  0x00000dbc      0x2  cstartup_M.o [1]
  .text            ro code  0x00000dbe      0x2  cstartup_M.o [1]
  .text            ro code  0x00000dc0      0x2  cstartup_M.o [1]
  .text            ro code  0x00000dc2      0x2  cstartup_M.o [1]
  .rodata          const    0x00000dc4      0x0  zero_init3.o [5]
                          - 0x00000dc4    0xcac

"P2", part 1 of 2:                          0x8
  .bss             zero     0x20000000      0x4  no_free_heap0.o [3]
  .bss             zero     0x20000004      0x4  xgetmemchunk.o [3]
                          - 0x20000008      0x8

"P2", part 2 of 2:                      0x18000
  CSTACK                    0x20000008   0x8000  <Block>
    CSTACK         uninit   0x20000008   0x8000  <Block tail>
  HEAP                      0x20008008  0x10000  <Block>
    HEAP           uninit   0x20008008  0x10000  <Block tail>
                          - 0x20018008  0x18000


*******************************************************************************
*** INIT TABLE
***

          Address     Size
          -------     ----
Zero (__iar_zero_init3)
    1 destination range, total size 0x8:
          0x20000000   0x8



*******************************************************************************
*** MODULE SUMMARY
***

    Module            ro code  ro data  rw data
    ------            -------  -------  -------
C:\Users\anton\OneDrive\Documents\BelayBot\Program Files\Project Files\Debug\Obj: [1]
    Bluetooth.o           348
    GPU.o                 656        8
    LEDs.o                308
    Lab_3_Driver.o        368
    cstartup_M.o           48      280
    main.o                 40
    -------------------------------------------
    Total:              1 768      288

command line: [2]
    -------------------------------------------
    Total:

dl7M_tln.a: [3]
    exit.o                  4
    low_level_init.o        4
    no_free_heap0.o        68                 4
    xgetmemchunk.o         44                 4
    -------------------------------------------
    Total:                120                 8

m7M_tls.a: [4]
    DblAdd.o              376
    DblMul.o              418
    DblSub.o              210
    DblToS32.o             58
    FltToDbl.o             72
    fpinit_M.o             34
    -------------------------------------------
    Total:              1 168

rt7M_tl.a: [5]
    cexit.o                10
    cmain.o                26
    data_init.o            40
    zero_init3.o           64
    -------------------------------------------
    Total:                140

shb_l.a: [6]
    exit.o                 20
    -------------------------------------------
    Total:                 20

    Gaps                    2        2
    Linker created                  16   98 304
-----------------------------------------------
    Grand Total:        3 218      306   98 312


*******************************************************************************
*** ENTRY LIST
***

Entry                      Address   Size  Type      Object
-----                      -------   ----  ----      ------
.iar.init_table$$Base   0x00000d40          --   Gb  - Linker created -
.iar.init_table$$Limit  0x00000d50          --   Gb  - Linker created -
?main                   0x00000d55         Code  Gb  cmain.o [5]
CSTACK$$Base            0x20000008          --   Gb  - Linker created -
CSTACK$$Limit           0x20008008          --   Gb  - Linker created -
HEAP$$Base              0x20008008          --   Gb  - Linker created -
HEAP$$Limit             0x20018008          --   Gb  - Linker created -
PLL_Init                0x00000b1d  0x170  Code  Gb  Lab_3_Driver.o [1]
Region$$Table$$Base     0x00000d40          --   Gb  - Linker created -
Region$$Table$$Limit    0x00000d50          --   Gb  - Linker created -
__aeabi_d2iz            0x000009e1         Code  Gb  DblToS32.o [4]
__aeabi_dadd            0x00000869         Code  Gb  DblAdd.o [4]
__aeabi_dmul            0x000006c5         Code  Gb  DblMul.o [4]
__aeabi_f2d             0x0000067d         Code  Gb  FltToDbl.o [4]
__cmain                 0x00000d55         Code  Gb  cmain.o [5]
__data_GetMemChunk      0x00000a1d   0x2c  Code  Gb  xgetmemchunk.o [3]
__data_GetMemChunk::start
                        0x20000004    0x4  Data  Lc  xgetmemchunk.o [3]
__exit                  0x00000d85   0x14  Code  Gb  exit.o [6]
__iar_dadd              0x00000a49         Code  Gb  DblSub.o [4]
__iar_data_init3        0x00000cf5   0x28  Code  Gb  data_init.o [5]
__iar_dsub              0x00000879         Code  Gb  DblAdd.o [4]
__iar_dsubStart         0x0000088b         Code  Gb  DblAdd.o [4]
__iar_init_vfp          0x00000d1d         Code  Gb  fpinit_M.o [4]
__iar_program_start     0x00000d99   0x10  Code  Gb  cstartup_M.o [1]
__iar_systems$$module {Abs}
                        0x00000001         Data  Gb  command line/config [2]
__iar_zero_init3        0x00000c8d   0x40  Code  Gb  zero_init3.o [5]
__low_level_init        0x00000d6f    0x4  Code  Gb  low_level_init.o [3]
__no_free_malloc        0x00000639   0x40  Code  Gb  no_free_heap0.o [3]
__vector_table          0x00000000  0x118  Data  Gb  cstartup_M.o [1]
_call_main              0x00000d61         Code  Gb  cmain.o [5]
_exit                   0x00000d79         Code  Gb  cexit.o [5]
_main                   0x00000d6b         Code  Gb  cmain.o [5]
bluetoothInit           0x000003a9   0xe6  Code  Gb  Bluetooth.o [1]
btSend                  0x0000048f   0x32  Code  Gb  Bluetooth.o [1]
exit                    0x00000d73    0x4  Code  Gb  exit.o [3]
extLedOn                0x00000505  0x118  Code  Gb  LEDs.o [1]
i2c0Init                0x00000119   0xb4  Code  Gb  GPU.o [1]
i2cReceive              0x000002bf   0xb0  Code  Gb  GPU.o [1]
i2cSend                 0x00000201   0xbe  Code  Gb  GPU.o [1]
main                    0x00000ccd   0x28  Code  Gb  main.o [1]
qs                      0x20000000    0x4  Data  Lc  no_free_heap0.o [3]
recordAccelRegisters    0x000001cd   0x34  Code  Gb  GPU.o [1]


[1] = C:\Users\anton\OneDrive\Documents\BelayBot\Program Files\Project Files\Debug\Obj
[2] = command line
[3] = dl7M_tln.a
[4] = m7M_tls.a
[5] = rt7M_tl.a
[6] = shb_l.a

   3 218 bytes of readonly  code memory
     306 bytes of readonly  data memory
  98 312 bytes of readwrite data memory

Errors: none
Warnings: none
