###############################################################################
#
# IAR ELF Linker V8.11.3.13950/W32 for ARM                31/Aug/2020  08:31:01
# Copyright 2007-2017 IAR Systems AB.
#
#    Output file  =  
#        C:\Users\anton\OneDrive\Documents\BelayBot\Program Files\Project
#        Files\Joystick\Debug\Exe\Joystick.out
#    Map file     =  
#        C:\Users\anton\OneDrive\Documents\BelayBot\Program Files\Project
#        Files\Joystick\Debug\List\Joystick.map
#    Command line =  
#        -f C:\Users\anton\AppData\Local\Temp\EW228A.tmp
#        ("C:\Users\anton\OneDrive\Documents\BelayBot\Program Files\Project
#        Files\Joystick\Debug\Obj\Bluetooth.o"
#        "C:\Users\anton\OneDrive\Documents\BelayBot\Program Files\Project
#        Files\Joystick\Debug\Obj\cstartup_M.o"
#        "C:\Users\anton\OneDrive\Documents\BelayBot\Program Files\Project
#        Files\Joystick\Debug\Obj\Joystick.o"
#        "C:\Users\anton\OneDrive\Documents\BelayBot\Program Files\Project
#        Files\Joystick\Debug\Obj\Lab_3_Driver.o"
#        "C:\Users\anton\OneDrive\Documents\BelayBot\Program Files\Project
#        Files\Joystick\Debug\Obj\LEDs.o"
#        "C:\Users\anton\OneDrive\Documents\BelayBot\Program Files\Project
#        Files\Joystick\Debug\Obj\main.o" -o
#        "C:\Users\anton\OneDrive\Documents\BelayBot\Program Files\Project
#        Files\Joystick\Debug\Exe\Joystick.out" --redirect
#        _Printf=_PrintfFullNoMb --redirect _Scanf=_ScanfFullNoMb --map
#        "C:\Users\anton\OneDrive\Documents\BelayBot\Program Files\Project
#        Files\Joystick\Debug\List\Joystick.map" --config "C:\Program Files
#        (x86)\IAR Systems\Embedded Workbench
#        8.0\arm\config\linker\TexasInstruments\TM4C1294NC.icf" --semihosting
#        --entry __iar_program_start --vfe --text_out locale)
#
###############################################################################

*******************************************************************************
*** RUNTIME MODEL ATTRIBUTES
***

CppFlavor       = *
__SystemLibrary = DLib
__dlib_version  = 6


*******************************************************************************
*** HEAP SELECTION
***

The basic heap was selected because some modules are built with
size limitations (and not runtime checking), and --advanced_heap
was not specified.


*******************************************************************************
*** PLACEMENT SUMMARY
***

"A0":  place at 0x00000000 { ro section .intvec };
"P1":  place in [from 0x00000000 to 0x000fffff] { ro };
define block CSTACK with size = 32K, alignment = 8 { };
define block HEAP with size = 64K, alignment = 8 { };
"P2":  place in [from 0x20000000 to 0x2003ffff] {
          rw, block CSTACK, block HEAP };

  Section          Kind        Address    Size  Object
  -------          ----        -------    ----  ------
"A0":                                    0x118
  .intvec          const    0x00000000   0x118  cstartup_M.o [1]
                          - 0x00000118   0x118

"P1":                                   0x21ce
  .text            ro code  0x00000118   0xdd6  xprintffull_nomb.o [3]
  .text            ro code  0x00000eee    0x1a  xsnprout.o [3]
  .text            ro code  0x00000f08    0x16  strchr.o [5]
  .text            ro code  0x00000f1e     0x2  cstartup_M.o [1]
  .text            ro code  0x00000f20    0x44  xfail_s.o [3]
  .text            ro code  0x00000f64    0x36  strlen.o [5]
  .text            ro code  0x00000f9a     0x2  cstartup_M.o [1]
  .text            ro code  0x00000f9c    0x58  memchr.o [5]
  .text            ro code  0x00000ff4    0xee  I64DivMod.o [5]
  .text            ro code  0x000010e2     0x2  cstartup_M.o [1]
  .text            ro code  0x000010e4   0x1a2  DblMul.o [4]
  .text            ro code  0x00001286     0x2  cstartup_M.o [1]
  .text            ro code  0x00001288    0x76  ABImemcpy_unaligned.o [5]
  .text            ro code  0x000012fe     0x2  cstartup_M.o [1]
  .text            ro code  0x00001300    0x70  frexp.o [4]
  .text            ro code  0x00001370    0x2e  DblCmpLe.o [4]
  .text            ro code  0x0000139e     0x2  cstartup_M.o [1]
  .text            ro code  0x000013a0    0x2e  DblCmpGe.o [4]
  .text            ro code  0x000013ce     0x2  cstartup_M.o [1]
  .text            ro code  0x000013d0   0x13a  ldexp.o [4]
  .text            ro code  0x0000150a     0x2  cstartup_M.o [1]
  .text            ro code  0x0000150c    0x3a  DblToS32.o [4]
  .text            ro code  0x00001546     0x2  cstartup_M.o [1]
  .text            ro code  0x00001548    0x22  S32ToDbl.o [4]
  .text            ro code  0x0000156a     0x2  cstartup_M.o [1]
  .text            ro code  0x0000156c    0xe2  DblSub.o [4]
  .text            ro code  0x0000164e     0x2  cstartup_M.o [1]
  .text            ro code  0x00001650   0x246  DblDiv.o [4]
  .text            ro code  0x00001896     0x2  cstartup_M.o [1]
  .text            ro code  0x00001898    0x28  DblToU32.o [4]
  .text            ro code  0x000018c0    0x1a  U32ToDbl.o [4]
  .text            ro code  0x000018da     0x6  abort.o [3]
  .text            ro code  0x000018e0     0x2  I64DivZer.o [5]
  .text            ro code  0x000018e2     0x2  cstartup_M.o [1]
  .text            ro code  0x000018e4   0x178  DblAdd.o [4]
  .text            ro code  0x00001a5c    0x14  exit.o [6]
  .text            ro code  0x00001a70   0x1e4  Joystick.o [1]
  .text            ro code  0x00001c54   0x198  LEDs.o [1]
  .text            ro code  0x00001dec   0x170  Lab_3_Driver.o [1]
  .text            ro code  0x00001f5c   0x124  Bluetooth.o [1]
  .text            ro code  0x00002080    0x48  FltToDbl.o [4]
  .text            ro code  0x000020c8    0xfc  main.o [1]
  .text            ro code  0x000021c4    0x44  snprintf.o [3]
  .text            ro code  0x00002208    0x40  zero_init3.o [5]
  .text            ro code  0x00002248    0x28  data_init.o [5]
  .text            ro code  0x00002270    0x22  fpinit_M.o [4]
  .iar.init_table  const    0x00002294    0x10  - Linker created -
  .text            ro code  0x000022a4     0x2  cstartup_M.o [1]
  .text            ro code  0x000022a8    0x1a  cmain.o [5]
  .text            ro code  0x000022c2     0x4  low_level_init.o [3]
  .text            ro code  0x000022c6     0x4  exit.o [3]
  .text            ro code  0x000022ca     0x2  cstartup_M.o [1]
  .text            ro code  0x000022cc     0xa  cexit.o [5]
  .text            ro code  0x000022d6    0x10  cstartup_M.o [1]
  .rodata          const    0x000022e6     0x0  zero_init3.o [5]
                          - 0x000022e6  0x21ce

"P2", part 1 of 2:                         0x4
  .bss             zero     0x20000000     0x4  xfail_s.o [3]
                          - 0x20000004     0x4

"P2", part 2 of 2:                      0x8000
  CSTACK                    0x20000008  0x8000  <Block>
    CSTACK         uninit   0x20000008  0x8000  <Block tail>
                          - 0x20008008  0x8000


*******************************************************************************
*** INIT TABLE
***

          Address     Size
          -------     ----
Zero (__iar_zero_init3)
    1 destination range, total size 0x4:
          0x20000000   0x4



*******************************************************************************
*** MODULE SUMMARY
***

    Module                 ro code  ro data  rw data
    ------                 -------  -------  -------
C:\Users\anton\OneDrive\Documents\BelayBot\Program Files\Project Files\Joystick\Debug\Obj: [1]
    Bluetooth.o                292
    Joystick.o                 484
    LEDs.o                     408
    Lab_3_Driver.o             368
    cstartup_M.o                46      280
    main.o                     252
    ------------------------------------------------
    Total:                   1 850      280

command line: [2]
    ------------------------------------------------
    Total:

dl7M_tln.a: [3]
    abort.o                      6
    exit.o                       4
    low_level_init.o             4
    snprintf.o                  68
    xfail_s.o                   68                 4
    xprintffull_nomb.o       3 542
    xsnprout.o                  26
    ------------------------------------------------
    Total:                   3 718                 4

m7M_tls.a: [4]
    DblAdd.o                   376
    DblCmpGe.o                  46
    DblCmpLe.o                  46
    DblDiv.o                   582
    DblMul.o                   418
    DblSub.o                   226
    DblToS32.o                  58
    DblToU32.o                  40
    FltToDbl.o                  72
    S32ToDbl.o                  34
    U32ToDbl.o                  26
    fpinit_M.o                  34
    frexp.o                    112
    ldexp.o                    314
    ------------------------------------------------
    Total:                   2 384

rt7M_tl.a: [5]
    ABImemcpy_unaligned.o      118
    I64DivMod.o                238
    I64DivZer.o                  2
    cexit.o                     10
    cmain.o                     26
    data_init.o                 40
    memchr.o                    88
    strchr.o                    22
    strlen.o                    54
    zero_init3.o                64
    ------------------------------------------------
    Total:                     662

shb_l.a: [6]
    exit.o                      20
    ------------------------------------------------
    Total:                      20

    Gaps                         2        2
    Linker created                       16   32 768
----------------------------------------------------
    Grand Total:             8 636      298   32 772


*******************************************************************************
*** ENTRY LIST
***

Entry                      Address   Size  Type      Object
-----                      -------   ----  ----      ------
.iar.init_table$$Base   0x00002294          --   Gb  - Linker created -
.iar.init_table$$Limit  0x000022a4          --   Gb  - Linker created -
?main                   0x000022a9         Code  Gb  cmain.o [5]
ADC0_Handler            0x000020db   0xd4  Code  Gb  main.o [1]
CSTACK$$Base            0x20000008          --   Gb  - Linker created -
CSTACK$$Limit           0x20008008          --   Gb  - Linker created -
LoadInt                 0x000002b7   0x7a  Code  Lc  xprintffull_nomb.o [3]
PLL_Init                0x00001ded  0x170  Code  Gb  Lab_3_Driver.o [1]
Region$$Table$$Base     0x00002294          --   Gb  - Linker created -
Region$$Table$$Limit    0x000022a4          --   Gb  - Linker created -
_GenldFullNoMb          0x00000c1b  0x248  Code  Lc  xprintffull_nomb.o [3]
_LdtobFullNoMb          0x000007ff  0x3f0  Code  Lc  xprintffull_nomb.o [3]
_LitobFullNoMb          0x000006a3  0x116  Code  Lc  xprintffull_nomb.o [3]
_PrintfFullNoMb         0x00000119  0x190  Code  Gb  xprintffull_nomb.o [3]
_PutcharsFullNoMb       0x00000e63   0x2e  Code  Lc  xprintffull_nomb.o [3]
_PutfldFullNoMb         0x00000331  0x264  Code  Lc  xprintffull_nomb.o [3]
_PuttxtFullNoMb         0x00000595  0x10e  Code  Lc  xprintffull_nomb.o [3]
_SNProut                0x00000eef   0x1a  Code  Gb  xsnprout.o [3]
__aeabi_cdcmple         0x00001371         Code  Gb  DblCmpLe.o [4]
__aeabi_cdrcmple        0x000013a1         Code  Gb  DblCmpGe.o [4]
__aeabi_d2iz            0x0000150d         Code  Gb  DblToS32.o [4]
__aeabi_d2uiz           0x00001899         Code  Gb  DblToU32.o [4]
__aeabi_dadd            0x000018e5         Code  Gb  DblAdd.o [4]
__aeabi_ddiv            0x00001651         Code  Gb  DblDiv.o [4]
__aeabi_dmul            0x000010e5         Code  Gb  DblMul.o [4]
__aeabi_dsub            0x0000156d         Code  Gb  DblSub.o [4]
__aeabi_f2d             0x00002081         Code  Gb  FltToDbl.o [4]
__aeabi_i2d             0x00001549         Code  Gb  S32ToDbl.o [4]
__aeabi_ldiv0           0x000018e1         Code  Gb  I64DivZer.o [5]
__aeabi_ui2d            0x000018c1         Code  Gb  U32ToDbl.o [4]
__aeabi_uldivmod        0x00000ff5         Code  Gb  I64DivMod.o [5]
__cmain                 0x000022a9         Code  Gb  cmain.o [5]
__exit                  0x00001a5d   0x14  Code  Gb  exit.o [6]
__iar_Fail_s            0x00000f21   0x1e  Code  Gb  xfail_s.o [3]
__iar_Memchr            0x00000f9d         Code  Gb  memchr.o [5]
__iar_Strchr            0x00000f09         Code  Gb  strchr.o [5]
__iar_dadd              0x0000157d         Code  Gb  DblSub.o [4]
__iar_data_init3        0x00002249   0x28  Code  Gb  data_init.o [5]
__iar_dsub              0x000018f5         Code  Gb  DblAdd.o [4]
__iar_dsubStart         0x00001907         Code  Gb  DblAdd.o [4]
__iar_frexp             0x0000130d         Code  Gb  frexp.o [4]
__iar_frexpl            0x0000130d         Code  Gb  frexp.o [4]
__iar_init_vfp          0x00002271         Code  Gb  fpinit_M.o [4]
__iar_ldexp64           0x000013d1         Code  Gb  ldexp.o [4]
__iar_program_start     0x000022d7   0x10  Code  Gb  cstartup_M.o [1]
__iar_scalbln64         0x000013d1         Code  Gb  ldexp.o [4]
__iar_scalbn64          0x000013d1         Code  Gb  ldexp.o [4]
__iar_softfp___iar_frexp64
                        0x00001301         Code  Gb  frexp.o [4]
__iar_softfp_frexp      0x00001301         Code  Gb  frexp.o [4]
__iar_softfp_frexpl     0x00001301         Code  Gb  frexp.o [4]
__iar_systems$$module {Abs}
                        0x00000001         Data  Gb  command line/config [2]
__iar_unaligned_memcpy  0x00001289         Code  Gb  ABImemcpy_unaligned.o [5]
__iar_unaligned_memcpy4
                        0x000012a9         Code  Gb  ABImemcpy_unaligned.o [5]
__iar_unaligned_memcpy8
                        0x000012a9         Code  Gb  ABImemcpy_unaligned.o [5]
__iar_zero_init3        0x00002209   0x40  Code  Gb  zero_init3.o [5]
__low_level_init        0x000022c3    0x4  Code  Gb  low_level_init.o [3]
__vector_table          0x00000000  0x118  Data  Gb  cstartup_M.o [1]
_call_main              0x000022b5         Code  Gb  cmain.o [5]
_exit                   0x000022cd         Code  Gb  cexit.o [5]
_main                   0x000022bf         Code  Gb  cmain.o [5]
abort                   0x000018db    0x6  Code  Gb  abort.o [3]
bluetoothInit           0x00001f5d  0x124  Code  Gb  Bluetooth.o [1]
exit                    0x000022c7    0x4  Code  Gb  exit.o [3]
extLedOff               0x00001d6d   0x64  Code  Gb  LEDs.o [1]
extLedOn                0x00001c55  0x118  Code  Gb  LEDs.o [1]
joystickInitX           0x00001a71  0x174  Code  Gb  Joystick.o [1]
joystickReadX           0x00001be5    0x6  Code  Gb  Joystick.o [1]
ldexp                   0x000013d1         Code  Gb  ldexp.o [4]
ldexpl                  0x000013d1         Code  Gb  ldexp.o [4]
main                    0x000020c9   0x12  Code  Gb  main.o [1]
memchr                  0x00000f9d         Code  Gb  memchr.o [5]
scalbln                 0x000013d1         Code  Gb  ldexp.o [4]
scalblnl                0x000013d1         Code  Gb  ldexp.o [4]
scalbn                  0x000013d1         Code  Gb  ldexp.o [4]
scalbnl                 0x000013d1         Code  Gb  ldexp.o [4]
scale                   0x000007b9   0x46  Code  Lc  xprintffull_nomb.o [3]
sec_hand                0x20000000    0x4  Data  Lc  xfail_s.o [3]
snprintf                0x000021c5   0x44  Code  Gb  snprintf.o [3]
strchr                  0x00000f09         Code  Gb  strchr.o [5]
strlen                  0x00000f65         Code  Gb  strlen.o [5]


[1] = C:\Users\anton\OneDrive\Documents\BelayBot\Program Files\Project Files\Joystick\Debug\Obj
[2] = command line
[3] = dl7M_tln.a
[4] = m7M_tls.a
[5] = rt7M_tl.a
[6] = shb_l.a

   8 636 bytes of readonly  code memory
     298 bytes of readonly  data memory
  32 772 bytes of readwrite data memory

Errors: none
Warnings: none
